// Jest Snapshot v1, https://goo.gl/fbAQLP

exports[`Articles component renders Articles 1`] = `
<DocumentFragment>
  <ul
    data-testid="display"
  />
</DocumentFragment>
`;
