// Jest Snapshot v1, https://goo.gl/fbAQLP

exports[`Search component renders Search 1`] = `
<DocumentFragment>
  <label
    for="search"
  >
    Search
  </label>
  <input
    id="search"
    name="search"
    placeholder="Search Here"
    type="text"
    value="dummy string"
  />
</DocumentFragment>
`;
